// Vitest Snapshot v1, https://vitest.dev/guide/snapshot.html

exports[`EF01 asset manifest > mantém SVGs determinísticos para amostras representativas 1`] = `
{
  "cn-animal-tucano": "<svg xmlns="http://www.w3.org/2000/svg" version="1.1" xmlns:xlink="http://www.w3.org/1999/xlink" width="256" height="256" viewBox="0 0 256 256"><rect width="256" height="256" fill="#b7ceff" rx="48" ry="48"></rect><rect width="220" height="20" rx="10" ry="10" fill="#e88500" x="18" y="190" transform="matrix(0.9986295347545738,-0.05233595624294383,0.05233595624294383,0.9986295347545738,-10.291771697174227,6.973095448182022)"></rect><g><ellipse rx="75" ry="60" cx="128" cy="144" fill="#19387f"></ellipse><circle r="35" cx="174" cy="84" fill="#19387f"></circle><ellipse rx="34" ry="16" cx="218" cy="68" fill="#ff9f1a" transform="matrix(0.9902680687415704,-0.13917310096006544,0.13917310096006544,0.9902680687415704,-7.3422098509468015,31.001507334867483)"></ellipse><circle r="8" cx="152" cy="88" fill="#fdfdfd"></circle><circle r="4" cx="156" cy="88" fill="#1e293b"></circle><path d="M138 168 Q154 196 170 168" stroke-linecap="round" stroke-width="8" stroke="#0f172a" fill="none"></path></g><ellipse rx="41" ry="23" cx="50" cy="164" fill="#0fa958" transform="matrix(0.9271838545667874,-0.374606593415912,0.374606593415912,0.9271838545667874,-57.79467404854894,30.672177521842485)"></ellipse><ellipse rx="29" ry="15" cx="30" cy="196" fill="#2abf80" transform="matrix(0.9510565162951535,-0.3090169943749474,0.3090169943749474,0.9510565162951535,-59.09902638634429,18.863432637398347)"></ellipse></svg>",
  "lp-silaba-ba": "<svg xmlns="http://www.w3.org/2000/svg" version="1.1" xmlns:xlink="http://www.w3.org/1999/xlink" width="256" height="256" viewBox="0 0 256 256"><rect width="256" height="256" fill="#ffe4c3" rx="48" ry="48"></rect><rect width="208" height="160" fill="#ff8d1f" rx="36" ry="36" x="24" y="60"></rect><text font-family="'Baloo 2', 'Nunito', 'Inter', sans-serif" font-size="120" text-anchor="middle" font-weight="700" fill="#fdfdfd" x="128" y="192.552734375" data-svgjs="{&quot;leading&quot;:&quot;1&quot;}"><tspan dy="0" x="128">BA</tspan></text><rect width="72" height="20" fill="#ffb6eb" rx="10" ry="10" x="92" y="26"></rect></svg>",
}
`;
